---
created: "2019-01-27T03:23:56.226140066+00:00"
creator: insta@0.5.2
expression: "std::str::from_utf8(&out.stdout).unwrap()"
source: tests/echo.rs
---
[Running 'echo with announce']
with announce
[Finished running. Exit status: 0]

