---
created: "2019-01-27T03:24:13.508439535+00:00"
creator: insta@0.5.2
expression: "std::str::from_utf8(&out.stdout).unwrap()"
source: tests/echo.rs
---
without announce

