---
created: "2019-01-27T05:34:49.195932591+00:00"
creator: insta@0.5.2
expression: std_to_string(&mut main.stderr)
source: tests/echo.rs
---
*** Polling for changes every 500 ms

